Γû▓ Next.js 16.1.6 (Turbopack)

  Creating an optimized production build ...
node.exe : 
At line:1 char:1
+ & "C:\Program 
Files\nodejs/node.exe" 
"C:\Program 
Files\nodejs/node_mo 
...
+ ~~~~~~~~~~~~~~~~~~~~~
~~~~~~~~~~~~~~~~~~~~~~~
~~~~~~~~~~~~~~~~~~~~~~~
~~
    + CategoryInfo     
         : NotSpecifi  
  ed: (:String) [],    
 RemoteException
    + FullyQualifiedEr 
   rorId : NativeComm  
  andError
 
> Build error occurred
Error: Turbopack build 
failed with 1 errors:
./src/app
Error: Next.js 
inferred your 
workspace root, but it 
may not be correct.
    We couldn't find 
the Next.js package 
(next/package.json) 
from the project 
directory: C:\Users\mal
av\finance-rules-bot\fi
nance-rule-bot\src\app
     To fix this, set 
turbopack.root in your 
Next.js config, or 
ensure the Next.js 
package is resolvable 
from this directory.
    Note: For security 
and performance 
reasons, files outside 
of the project 
directory will not be 
compiled.
    See https://nextjs.
org/docs/app/api-refere
nce/config/next-config-
js/turbopack#root-direc
tory for more 
information.

    at ignore-listed 
frames
